<testsuite tests="21">
  <testcase classname="BodyPartCanvasController_Test" name="makeData" time="461" />
  <testcase classname="BodyPartCanvasController_Test" name="testSaveFile" time="887" />
  <testcase classname="BodyPartNamer_Test" name="makeData" time="208" />
  <testcase classname="BodyPartNamer_Test" name="testAutoName" time="615" />
  <testcase classname="BodyPartNamer_Test" name="testAutoNameWithoutArtist" time="131" />
  <testcase classname="CorpseCreator_Test" name="makeData" time="71" />
  <testcase classname="CorpseCreator_Test" name="testGetCorpses" time="186" />
  <testcase classname="CorpseCreator_Test" name="testGetCorpsesWithInvalidUserList" time="27" />
  <testcase classname="TriggerHandler_Test" name="testAfterDelete" time="30" />
  <testcase classname="TriggerHandler_Test" name="testAfterInsert" time="11" />
  <testcase classname="TriggerHandler_Test" name="testAfterUndelete" time="11" />
  <testcase classname="TriggerHandler_Test" name="testAfterUpdate" time="12" />
  <testcase classname="TriggerHandler_Test" name="testBeforeDelete" time="11" />
  <testcase classname="TriggerHandler_Test" name="testBeforeInsert" time="12" />
  <testcase classname="TriggerHandler_Test" name="testBeforeUpdate" time="11" />
  <testcase classname="TriggerHandler_Test" name="testBypassAPI" time="12" />
  <testcase classname="TriggerHandler_Test" name="testGetHandlerName" time="11" />
  <testcase classname="TriggerHandler_Test" name="testLoopCount" time="12" />
  <testcase classname="TriggerHandler_Test" name="testLoopCountClass" time="12" />
  <testcase classname="TriggerHandler_Test" name="testNonTriggerContext" time="11" />
  <testcase classname="TriggerHandler_Test" name="testVirtualMethods" time="11" />
</testsuite>